../Core/Src/main.c:135:5:main	32	static,ignoring_inline_asm
../Core/Src/main.c:317:6:SystemClock_Config	120	static
../Core/Src/main.c:377:13:MX_DAC1_Init	48	static
../Core/Src/main.c:420:13:MX_OPAMP2_Init	8	static
../Core/Src/main.c:449:13:MX_SPI1_Init	8	static
../Core/Src/main.c:497:13:MX_SPI3_Init	8	static
../Core/Src/main.c:545:13:MX_TIM7_Init	24	static
../Core/Src/main.c:583:13:MX_TIM8_Init	96	static
../Core/Src/main.c:662:13:MX_DMA_Init	16	static
../Core/Src/main.c:693:13:MX_GPIO_Init	56	static
../Core/Src/main.c:776:6:V_RxHalfDone	16	static
../Core/Src/main.c:789:6:I_RxHalfDone	16	static
../Core/Src/main.c:802:6:V_RxFullDone	16	static
../Core/Src/main.c:815:6:I_RxFullDone	16	static
../Core/Src/main.c:829:6:DWT_Init	4	static
../Core/Src/main.c:841:5:DWT_Verify	24	static
../Core/Src/main.c:850:20:delay_us	24	static
../Core/Src/main.c:857:6:OPTO_ShiftOut	24	static
../Core/Src/main.c:883:6:Error_Handler	4	static,ignoring_inline_asm
