../Core/Src/main.c:135:5:main	11
../Core/Src/main.c:317:6:SystemClock_Config	4
../Core/Src/main.c:377:13:MX_DAC1_Init	3
../Core/Src/main.c:420:13:MX_OPAMP2_Init	2
../Core/Src/main.c:449:13:MX_SPI1_Init	2
../Core/Src/main.c:497:13:MX_SPI3_Init	2
../Core/Src/main.c:545:13:MX_TIM7_Init	3
../Core/Src/main.c:583:13:MX_TIM8_Init	7
../Core/Src/main.c:662:13:MX_DMA_Init	1
../Core/Src/main.c:693:13:MX_GPIO_Init	1
../Core/Src/main.c:776:6:V_RxHalfDone	3
../Core/Src/main.c:789:6:I_RxHalfDone	3
../Core/Src/main.c:802:6:V_RxFullDone	3
../Core/Src/main.c:815:6:I_RxFullDone	3
../Core/Src/main.c:829:6:DWT_Init	1
../Core/Src/main.c:841:5:DWT_Verify	2
../Core/Src/main.c:850:20:delay_us	2
../Core/Src/main.c:857:6:OPTO_ShiftOut	2
../Core/Src/main.c:883:6:Error_Handler	1
